// Vitest Snapshot v1, https://vitest.dev/guide/snapshot.html

exports[`product displayed as expected 1`] = `
<div>
  <h1>
    All Products
  </h1>
  <div
    class="flex gap-1rem pad-1rem _displayContainer_acfe5e"
  >
    <a
      class="product"
      data-discover="true"
      href="/products/1"
    >
      <div
        class="product-img"
      >
        <img
          alt="Fjallraven - Foldsack No. 1 Backpack, Fits 15 Laptops"
          src="#"
        />
      </div>
      <div>
        <div>
          Fjallraven - Foldsack No. 1 Backpack, Fits 15 Laptops
        </div>
        <div>
          $109.95
        </div>
      </div>
    </a>
  </div>
</div>
`;
